// Vitest Snapshot v1, https://vitest.dev/guide/snapshot.html

exports[`GlDevice default draw path > issues a stable sequence of GL calls for a fixed ordered scene 1`] = `
[
  "viewport(0,0,800,600)",
  "clearColor(1,0,0,1)",
  "clear(13)",
  "disable(13)",
  "enable(6)",
  "blendFuncSeparate(32,33,31,33)",
  "useProgram",
  "uniform4f(#,2,-2,7,9)",
  "uniform2f(#,800,600)",
  "bindVertexArray",
  "drawArrays(3,0,3)",
  "useProgram",
  "uniform4f(#,2,-2,7,9)",
  "uniform2f(#,800,600)",
  "bindVertexArray",
  "bindBuffer",
  "vertexAttribPointer(1,2,2,false,40,0)",
  "vertexAttribPointer(2,2,2,false,40,8)",
  "vertexAttribPointer(3,1,2,false,40,16)",
  "vertexAttribPointer(4,1,2,false,40,20)",
  "vertexAttribPointer(5,4,2,false,40,24)",
  "drawArraysInstanced(4,0,4,2)",
  "useProgram",
  "uniform4f(#,2,-2,7,9)",
  "uniform2f(#,800,600)",
  "bindVertexArray",
  "bindBuffer",
  "vertexAttribPointer(1,2,2,false,32,0)",
  "vertexAttribPointer(2,1,2,false,32,8)",
  "vertexAttribPointer(3,1,2,false,32,12)",
  "vertexAttribPointer(4,4,2,false,32,16)",
  "drawArraysInstanced(4,0,4,1)",
  "useProgram",
  "uniform4f(#,2,-2,7,9)",
  "uniform2f(#,800,600)",
  "bindVertexArray",
  "drawArrays(3,3,3)",
  "bindVertexArray",
  "bindBuffer",
  "vertexAttribPointer(1,2,2,false,40,0)",
  "vertexAttribPointer(2,2,2,false,40,8)",
  "vertexAttribPointer(3,1,2,false,40,16)",
  "vertexAttribPointer(4,1,2,false,40,20)",
  "vertexAttribPointer(5,4,2,false,40,24)",
  "bindVertexArray",
  "bindBuffer",
  "vertexAttribPointer(1,2,2,false,32,0)",
  "vertexAttribPointer(2,1,2,false,32,8)",
  "vertexAttribPointer(3,1,2,false,32,12)",
  "vertexAttribPointer(4,4,2,false,32,16)",
  "bindVertexArray",
]
`;
